// Jest Snapshot v1, https://goo.gl/fbAQLP

exports[`App should match the snapshot with all data passed in correctly 1`] = `
<section
  className="app"
>
  <Menu
    allNews=""
    changeNews={[Function]}
  />
  <section
    className="main-news"
  >
    <SearchForm
      changeNews={[Function]}
      findNews={[Function]}
    />
  </section>
</section>
`;
